Component: ARM Compiler 5.05 update 2 (build 169) Tool: armlink [4d0f33]

==============================================================================

Section Cross References

    main.o(.text) refers to tcpip.o(.text) for TCPReleaseRxBuffer
    main.o(.text) refers to memcpya.o(.text) for __aeabi_memcpy
    main.o(.text) refers to main.o(i.__ARM_common_switch8) for __ARM_common_switch8
    main.o(.text) refers to uidiv.o(.text) for __aeabi_uidivmod
    main.o(.text) refers to printf6.o(i.__0sprintf$6) for __2sprintf
    main.o(.text) refers to main.o(.data) for .data
    main.o(.text) refers to main.o(.bss) for .bss
    main.o(.text) refers to main.o(.constdata) for .constdata
    emac.o(.text) refers to tcpip.o(.text) for SwapBytes
    emac.o(.text) refers to emac.o(.data) for .data
    tcpip.o(.text) refers to main.o(.data) for ISNGenHigh
    tcpip.o(.text) refers to main.o(.data) for TCPTimer
    tcpip.o(.text) refers to emac.o(.text) for Init_EMAC
    tcpip.o(.text) refers to memseta.o(.text) for __aeabi_memset
    tcpip.o(.text) refers to memcpya.o(.text) for __aeabi_memcpy
    tcpip.o(.text) refers to tcpip.o(.text) for TCPClockHandler
    tcpip.o(.text) refers to main.o(.data) for TransmitControl
    tcpip.o(.text) refers to main.o(.data) for TCPFlags
    tcpip.o(.text) refers to main.o(.data) for TCPStateMachine
    tcpip.o(.text) refers to main.o(.data) for SocketStatus
    tcpip.o(.text) refers to main.o(.data) for TCPTimer
    tcpip.o(.text) refers to main.o(.data) for RetryCounter
    tcpip.o(.text) refers to main.o(.bss) for _TxFrame2
    tcpip.o(.text) refers to tcpip.o(.constdata) for .constdata
    tcpip.o(.text) refers to main.o(.constdata) for MyIP
    tcpip.o(.text) refers to main.o(.data) for RemoteIP
    tcpip.o(.text) refers to main.o(.constdata) for SubnetMask
    tcpip.o(.text) refers to main.o(.constdata) for GatewayIP
    tcpip.o(.text) refers to main.o(.data) for TxFrame2Size
    tcpip.o(.text) refers to main.o(.data) for LastFrameSent
    tcpip.o(.text) refers to main.o(.data) for TCPUNASeqNr
    tcpip.o(.text) refers to main.o(.data) for TxFrame1Size
    tcpip.o(.text) refers to main.o(.data) for RecdFrameLength
    tcpip.o(.text) refers to main.o(.data) for RecdFrameMAC
    tcpip.o(.text) refers to main.o(.data) for RemoteMAC
    tcpip.o(.text) refers to main.o(.data) for TCPSeqNr
    tcpip.o(.text) refers to main.o(.data) for TCPAckNr
    tcpip.o(.text) refers to memcmp.o(.text) for memcmp
    tcpip.o(.text) refers to main.o(i.__ARM_common_switch8) for __ARM_common_switch8
    tcpip.o(.text) refers to main.o(.data) for RecdIPFrameLength
    tcpip.o(.text) refers to main.o(.data) for RecdFrameIP
    tcpip.o(.text) refers to main.o(.data) for ISNGenHigh
    tcpip.o(.text) refers to main.o(.bss) for _RxTCPBuffer
    lpc2300.o(RESET) refers to lpc2300.o(STACK) for Stack_Top
    lpc2300.o(RESET) refers to entry.o(.ARM.Collect$$$$00000000) for __main
    entry.o(.ARM.Collect$$$$00000000) refers (Special) to entry10a.o(.ARM.Collect$$$$0000000D) for __rt_final_cpp
    entry.o(.ARM.Collect$$$$00000000) refers (Special) to entry11a.o(.ARM.Collect$$$$0000000F) for __rt_final_exit
    entry.o(.ARM.Collect$$$$00000000) refers (Special) to entry7b.o(.ARM.Collect$$$$00000008) for _main_clock
    entry.o(.ARM.Collect$$$$00000000) refers (Special) to entry8b.o(.ARM.Collect$$$$0000000A) for _main_cpp_init
    entry.o(.ARM.Collect$$$$00000000) refers (Special) to entry9a.o(.ARM.Collect$$$$0000000B) for _main_init
    entry.o(.ARM.Collect$$$$00000000) refers (Special) to entry5.o(.ARM.Collect$$$$00000004) for _main_scatterload
    entry.o(.ARM.Collect$$$$00000000) refers (Special) to entry2.o(.ARM.Collect$$$$00000001) for _main_stk
    printfb.o(i.__0fprintf$bare) refers to printfb.o(i._printf_core) for _printf_core
    printfb.o(i.__0fprintf$bare) refers to fputc.o(i.fputc) for fputc
    printfb.o(i.__0printf$bare) refers to printfb.o(i._printf_core) for _printf_core
    printfb.o(i.__0printf$bare) refers to fputc.o(i.fputc) for fputc
    printfb.o(i.__0printf$bare) refers to stdout.o(.data) for __stdout
    printfb.o(i.__0snprintf$bare) refers to printfb.o(i._printf_core) for _printf_core
    printfb.o(i.__0snprintf$bare) refers to printfb.o(i._snputc) for _snputc
    printfb.o(i.__0sprintf$bare) refers to printfb.o(i._printf_core) for _printf_core
    printfb.o(i.__0sprintf$bare) refers to printfb.o(i._sputc) for _sputc
    printfb.o(i.__0vfprintf$bare) refers to printfb.o(i._printf_core) for _printf_core
    printfb.o(i.__0vfprintf$bare) refers to fputc.o(i.fputc) for fputc
    printfb.o(i.__0vprintf$bare) refers to printfb.o(i._printf_core) for _printf_core
    printfb.o(i.__0vprintf$bare) refers to fputc.o(i.fputc) for fputc
    printfb.o(i.__0vprintf$bare) refers to stdout.o(.data) for __stdout
    printfb.o(i.__0vsnprintf$bare) refers to printfb.o(i._printf_core) for _printf_core
    printfb.o(i.__0vsnprintf$bare) refers to printfb.o(i._snputc) for _snputc
    printfb.o(i.__0vsprintf$bare) refers to printfb.o(i._printf_core) for _printf_core
    printfb.o(i.__0vsprintf$bare) refers to printfb.o(i._sputc) for _sputc
    printfb.o(i._printf_core) refers to printfb.o(i.__ARM_common_call_via_r6) for __ARM_common_call_via_r6
    printf0.o(i.__0fprintf$0) refers to printf0.o(i._printf_core) for _printf_core
    printf0.o(i.__0fprintf$0) refers to fputc.o(i.fputc) for fputc
    printf0.o(i.__0printf$0) refers to printf0.o(i._printf_core) for _printf_core
    printf0.o(i.__0printf$0) refers to fputc.o(i.fputc) for fputc
    printf0.o(i.__0printf$0) refers to stdout.o(.data) for __stdout
    printf0.o(i.__0snprintf$0) refers to printf0.o(i._printf_core) for _printf_core
    printf0.o(i.__0snprintf$0) refers to printf0.o(i._snputc) for _snputc
    printf0.o(i.__0sprintf$0) refers to printf0.o(i._printf_core) for _printf_core
    printf0.o(i.__0sprintf$0) refers to printf0.o(i._sputc) for _sputc
    printf0.o(i.__0vfprintf$0) refers to printf0.o(i._printf_core) for _printf_core
    printf0.o(i.__0vfprintf$0) refers to fputc.o(i.fputc) for fputc
    printf0.o(i.__0vprintf$0) refers to printf0.o(i._printf_core) for _printf_core
    printf0.o(i.__0vprintf$0) refers to fputc.o(i.fputc) for fputc
    printf0.o(i.__0vprintf$0) refers to stdout.o(.data) for __stdout
    printf0.o(i.__0vsnprintf$0) refers to printf0.o(i._printf_core) for _printf_core
    printf0.o(i.__0vsnprintf$0) refers to printf0.o(i._snputc) for _snputc
    printf0.o(i.__0vsprintf$0) refers to printf0.o(i._printf_core) for _printf_core
    printf0.o(i.__0vsprintf$0) refers to printf0.o(i._sputc) for _sputc
    printf0.o(i._printf_core) refers to printfb.o(i.__ARM_common_call_via_r6) for __ARM_common_call_via_r6
    printf1.o(i.__0fprintf$1) refers to printf1.o(i._printf_core) for _printf_core
    printf1.o(i.__0fprintf$1) refers to fputc.o(i.fputc) for fputc
    printf1.o(i.__0printf$1) refers to printf1.o(i._printf_core) for _printf_core
    printf1.o(i.__0printf$1) refers to fputc.o(i.fputc) for fputc
    printf1.o(i.__0printf$1) refers to stdout.o(.data) for __stdout
    printf1.o(i.__0snprintf$1) refers to printf1.o(i._printf_core) for _printf_core
    printf1.o(i.__0snprintf$1) refers to printf1.o(i._snputc) for _snputc
    printf1.o(i.__0sprintf$1) refers to printf1.o(i._printf_core) for _printf_core
    printf1.o(i.__0sprintf$1) refers to printf1.o(i._sputc) for _sputc
    printf1.o(i.__0vfprintf$1) refers to printf1.o(i._printf_core) for _printf_core
    printf1.o(i.__0vfprintf$1) refers to fputc.o(i.fputc) for fputc
    printf1.o(i.__0vprintf$1) refers to printf1.o(i._printf_core) for _printf_core
    printf1.o(i.__0vprintf$1) refers to fputc.o(i.fputc) for fputc
    printf1.o(i.__0vprintf$1) refers to stdout.o(.data) for __stdout
    printf1.o(i.__0vsnprintf$1) refers to printf1.o(i._printf_core) for _printf_core
    printf1.o(i.__0vsnprintf$1) refers to printf1.o(i._snputc) for _snputc
    printf1.o(i.__0vsprintf$1) refers to printf1.o(i._printf_core) for _printf_core
    printf1.o(i.__0vsprintf$1) refers to printf1.o(i._sputc) for _sputc
    printf1.o(i._printf_core) refers to printf1.o(i.__ARM_common_call_via_r2) for __ARM_common_call_via_r2
    printf1.o(i._printf_core) refers to uidiv.o(.text) for __aeabi_uidivmod
    printf2.o(i.__0fprintf$2) refers to printf2.o(i._printf_core) for _printf_core
    printf2.o(i.__0fprintf$2) refers to fputc.o(i.fputc) for fputc
    printf2.o(i.__0printf$2) refers to printf2.o(i._printf_core) for _printf_core
    printf2.o(i.__0printf$2) refers to fputc.o(i.fputc) for fputc
    printf2.o(i.__0printf$2) refers to stdout.o(.data) for __stdout
    printf2.o(i.__0snprintf$2) refers to printf2.o(i._printf_core) for _printf_core
    printf2.o(i.__0snprintf$2) refers to printf2.o(i._snputc) for _snputc
    printf2.o(i.__0sprintf$2) refers to printf2.o(i._printf_core) for _printf_core
    printf2.o(i.__0sprintf$2) refers to printf2.o(i._sputc) for _sputc
    printf2.o(i.__0vfprintf$2) refers to printf2.o(i._printf_core) for _printf_core
    printf2.o(i.__0vfprintf$2) refers to fputc.o(i.fputc) for fputc
    printf2.o(i.__0vprintf$2) refers to printf2.o(i._printf_core) for _printf_core
    printf2.o(i.__0vprintf$2) refers to fputc.o(i.fputc) for fputc
    printf2.o(i.__0vprintf$2) refers to stdout.o(.data) for __stdout
    printf2.o(i.__0vsnprintf$2) refers to printf2.o(i._printf_core) for _printf_core
    printf2.o(i.__0vsnprintf$2) refers to printf2.o(i._snputc) for _snputc
    printf2.o(i.__0vsprintf$2) refers to printf2.o(i._printf_core) for _printf_core
    printf2.o(i.__0vsprintf$2) refers to printf2.o(i._sputc) for _sputc
    printf2.o(i._printf_core) refers to printf1.o(i.__ARM_common_call_via_r2) for __ARM_common_call_via_r2
    printf3.o(i.__0fprintf$3) refers to printf3.o(i._printf_core) for _printf_core
    printf3.o(i.__0fprintf$3) refers to fputc.o(i.fputc) for fputc
    printf3.o(i.__0printf$3) refers to printf3.o(i._printf_core) for _printf_core
    printf3.o(i.__0printf$3) refers to fputc.o(i.fputc) for fputc
    printf3.o(i.__0printf$3) refers to stdout.o(.data) for __stdout
    printf3.o(i.__0snprintf$3) refers to printf3.o(i._printf_core) for _printf_core
    printf3.o(i.__0snprintf$3) refers to printf3.o(i._snputc) for _snputc
    printf3.o(i.__0sprintf$3) refers to printf3.o(i._printf_core) for _printf_core
    printf3.o(i.__0sprintf$3) refers to printf3.o(i._sputc) for _sputc
    printf3.o(i.__0vfprintf$3) refers to printf3.o(i._printf_core) for _printf_core
    printf3.o(i.__0vfprintf$3) refers to fputc.o(i.fputc) for fputc
    printf3.o(i.__0vprintf$3) refers to printf3.o(i._printf_core) for _printf_core
    printf3.o(i.__0vprintf$3) refers to fputc.o(i.fputc) for fputc
    printf3.o(i.__0vprintf$3) refers to stdout.o(.data) for __stdout
    printf3.o(i.__0vsnprintf$3) refers to printf3.o(i._printf_core) for _printf_core
    printf3.o(i.__0vsnprintf$3) refers to printf3.o(i._snputc) for _snputc
    printf3.o(i.__0vsprintf$3) refers to printf3.o(i._printf_core) for _printf_core
    printf3.o(i.__0vsprintf$3) refers to printf3.o(i._sputc) for _sputc
    printf3.o(i._printf_core) refers to printf1.o(i.__ARM_common_call_via_r2) for __ARM_common_call_via_r2
    printf3.o(i._printf_core) refers to uidiv.o(.text) for __aeabi_uidivmod
    printf4.o(i.__0fprintf$4) refers to printf4.o(i._printf_core) for _printf_core
    printf4.o(i.__0fprintf$4) refers to fputc.o(i.fputc) for fputc
    printf4.o(i.__0printf$4) refers to printf4.o(i._printf_core) for _printf_core
    printf4.o(i.__0printf$4) refers to fputc.o(i.fputc) for fputc
    printf4.o(i.__0printf$4) refers to stdout.o(.data) for __stdout
    printf4.o(i.__0snprintf$4) refers to printf4.o(i._printf_core) for _printf_core
    printf4.o(i.__0snprintf$4) refers to printf4.o(i._snputc) for _snputc
    printf4.o(i.__0sprintf$4) refers to printf4.o(i._printf_core) for _printf_core
    printf4.o(i.__0sprintf$4) refers to printf4.o(i._sputc) for _sputc
    printf4.o(i.__0vfprintf$4) refers to printf4.o(i._printf_core) for _printf_core
    printf4.o(i.__0vfprintf$4) refers to fputc.o(i.fputc) for fputc
    printf4.o(i.__0vprintf$4) refers to printf4.o(i._printf_core) for _printf_core
    printf4.o(i.__0vprintf$4) refers to fputc.o(i.fputc) for fputc
    printf4.o(i.__0vprintf$4) refers to stdout.o(.data) for __stdout
    printf4.o(i.__0vsnprintf$4) refers to printf4.o(i._printf_core) for _printf_core
    printf4.o(i.__0vsnprintf$4) refers to printf4.o(i._snputc) for _snputc
    printf4.o(i.__0vsprintf$4) refers to printf4.o(i._printf_core) for _printf_core
    printf4.o(i.__0vsprintf$4) refers to printf4.o(i._sputc) for _sputc
    printf4.o(i._printf_core) refers to printf1.o(i.__ARM_common_call_via_r2) for __ARM_common_call_via_r2
    printf4.o(i._printf_core) refers to uldiv.o(.text) for __aeabi_uldivmod
    printf5.o(i.__0fprintf$5) refers to printf5.o(i._printf_core) for _printf_core
    printf5.o(i.__0fprintf$5) refers to fputc.o(i.fputc) for fputc
    printf5.o(i.__0printf$5) refers to printf5.o(i._printf_core) for _printf_core
    printf5.o(i.__0printf$5) refers to fputc.o(i.fputc) for fputc
    printf5.o(i.__0printf$5) refers to stdout.o(.data) for __stdout
    printf5.o(i.__0snprintf$5) refers to printf5.o(i._printf_core) for _printf_core
    printf5.o(i.__0snprintf$5) refers to printf5.o(i._snputc) for _snputc
    printf5.o(i.__0sprintf$5) refers to printf5.o(i._printf_core) for _printf_core
    printf5.o(i.__0sprintf$5) refers to printf5.o(i._sputc) for _sputc
    printf5.o(i.__0vfprintf$5) refers to printf5.o(i._printf_core) for _printf_core
    printf5.o(i.__0vfprintf$5) refers to fputc.o(i.fputc) for fputc
    printf5.o(i.__0vprintf$5) refers to printf5.o(i._printf_core) for _printf_core
    printf5.o(i.__0vprintf$5) refers to fputc.o(i.fputc) for fputc
    printf5.o(i.__0vprintf$5) refers to stdout.o(.data) for __stdout
    printf5.o(i.__0vsnprintf$5) refers to printf5.o(i._printf_core) for _printf_core
    printf5.o(i.__0vsnprintf$5) refers to printf5.o(i._snputc) for _snputc
    printf5.o(i.__0vsprintf$5) refers to printf5.o(i._printf_core) for _printf_core
    printf5.o(i.__0vsprintf$5) refers to printf5.o(i._sputc) for _sputc
    printf5.o(i._printf_core) refers to printf1.o(i.__ARM_common_call_via_r2) for __ARM_common_call_via_r2
    printf5.o(i._printf_core) refers to uldiv.o(.text) for __aeabi_uldivmod
    printf6.o(i.__0fprintf$6) refers to printf6.o(i._printf_core) for _printf_core
    printf6.o(i.__0fprintf$6) refers to fputc.o(i.fputc) for fputc
    printf6.o(i.__0printf$6) refers to printf6.o(i._printf_core) for _printf_core
    printf6.o(i.__0printf$6) refers to fputc.o(i.fputc) for fputc
    printf6.o(i.__0printf$6) refers to stdout.o(.data) for __stdout
    printf6.o(i.__0snprintf$6) refers to printf6.o(i._printf_core) for _printf_core
    printf6.o(i.__0snprintf$6) refers to printf6.o(i._snputc) for _snputc
    printf6.o(i.__0sprintf$6) refers to printf6.o(i._printf_core) for _printf_core
    printf6.o(i.__0sprintf$6) refers to printf6.o(i._sputc) for _sputc
    printf6.o(i.__0vfprintf$6) refers to printf6.o(i._printf_core) for _printf_core
    printf6.o(i.__0vfprintf$6) refers to fputc.o(i.fputc) for fputc
    printf6.o(i.__0vprintf$6) refers to printf6.o(i._printf_core) for _printf_core
    printf6.o(i.__0vprintf$6) refers to fputc.o(i.fputc) for fputc
    printf6.o(i.__0vprintf$6) refers to stdout.o(.data) for __stdout
    printf6.o(i.__0vsnprintf$6) refers to printf6.o(i._printf_core) for _printf_core
    printf6.o(i.__0vsnprintf$6) refers to printf6.o(i._snputc) for _snputc
    printf6.o(i.__0vsprintf$6) refers to printf6.o(i._printf_core) for _printf_core
    printf6.o(i.__0vsprintf$6) refers to printf6.o(i._sputc) for _sputc
    printf6.o(i._printf_core) refers to printf1.o(i.__ARM_common_call_via_r2) for __ARM_common_call_via_r2
    printf6.o(i._printf_core) refers to printf6.o(i._printf_pre_padding) for _printf_pre_padding
    printf6.o(i._printf_core) refers to printf6.o(i._printf_post_padding) for _printf_post_padding
    printf6.o(i._printf_core) refers to uidiv.o(.text) for __aeabi_uidivmod
    printf6.o(i._printf_post_padding) refers to printfb.o(i.__ARM_common_call_via_r6) for __ARM_common_call_via_r6
    printf6.o(i._printf_pre_padding) refers to printfb.o(i.__ARM_common_call_via_r6) for __ARM_common_call_via_r6
    printf7.o(i.__0fprintf$7) refers to printf7.o(i._printf_core) for _printf_core
    printf7.o(i.__0fprintf$7) refers to fputc.o(i.fputc) for fputc
    printf7.o(i.__0printf$7) refers to printf7.o(i._printf_core) for _printf_core
    printf7.o(i.__0printf$7) refers to fputc.o(i.fputc) for fputc
    printf7.o(i.__0printf$7) refers to stdout.o(.data) for __stdout
    printf7.o(i.__0snprintf$7) refers to printf7.o(i._printf_core) for _printf_core
    printf7.o(i.__0snprintf$7) refers to printf7.o(i._snputc) for _snputc
    printf7.o(i.__0sprintf$7) refers to printf7.o(i._printf_core) for _printf_core
    printf7.o(i.__0sprintf$7) refers to printf7.o(i._sputc) for _sputc
    printf7.o(i.__0vfprintf$7) refers to printf7.o(i._printf_core) for _printf_core
    printf7.o(i.__0vfprintf$7) refers to fputc.o(i.fputc) for fputc
    printf7.o(i.__0vprintf$7) refers to printf7.o(i._printf_core) for _printf_core
    printf7.o(i.__0vprintf$7) refers to fputc.o(i.fputc) for fputc
    printf7.o(i.__0vprintf$7) refers to stdout.o(.data) for __stdout
    printf7.o(i.__0vsnprintf$7) refers to printf7.o(i._printf_core) for _printf_core
    printf7.o(i.__0vsnprintf$7) refers to printf7.o(i._snputc) for _snputc
    printf7.o(i.__0vsprintf$7) refers to printf7.o(i._printf_core) for _printf_core
    printf7.o(i.__0vsprintf$7) refers to printf7.o(i._sputc) for _sputc
    printf7.o(i._printf_core) refers to printf1.o(i.__ARM_common_call_via_r2) for __ARM_common_call_via_r2
    printf7.o(i._printf_core) refers to printf7.o(i._printf_pre_padding) for _printf_pre_padding
    printf7.o(i._printf_core) refers to printf7.o(i._printf_post_padding) for _printf_post_padding
    printf7.o(i._printf_core) refers to uldiv.o(.text) for __aeabi_uldivmod
    printf7.o(i._printf_post_padding) refers to printfb.o(i.__ARM_common_call_via_r6) for __ARM_common_call_via_r6
    printf7.o(i._printf_pre_padding) refers to printfb.o(i.__ARM_common_call_via_r6) for __ARM_common_call_via_r6
    printf8.o(i.__0fprintf$8) refers to printf8.o(i._printf_core) for _printf_core
    printf8.o(i.__0fprintf$8) refers to fputc.o(i.fputc) for fputc
    printf8.o(i.__0printf$8) refers to printf8.o(i._printf_core) for _printf_core
    printf8.o(i.__0printf$8) refers to fputc.o(i.fputc) for fputc
    printf8.o(i.__0printf$8) refers to stdout.o(.data) for __stdout
    printf8.o(i.__0snprintf$8) refers to printf8.o(i._printf_core) for _printf_core
    printf8.o(i.__0snprintf$8) refers to printf8.o(i._snputc) for _snputc
    printf8.o(i.__0sprintf$8) refers to printf8.o(i._printf_core) for _printf_core
    printf8.o(i.__0sprintf$8) refers to printf8.o(i._sputc) for _sputc
    printf8.o(i.__0vfprintf$8) refers to printf8.o(i._printf_core) for _printf_core
    printf8.o(i.__0vfprintf$8) refers to fputc.o(i.fputc) for fputc
    printf8.o(i.__0vprintf$8) refers to printf8.o(i._printf_core) for _printf_core
    printf8.o(i.__0vprintf$8) refers to fputc.o(i.fputc) for fputc
    printf8.o(i.__0vprintf$8) refers to stdout.o(.data) for __stdout
    printf8.o(i.__0vsnprintf$8) refers to printf8.o(i._printf_core) for _printf_core
    printf8.o(i.__0vsnprintf$8) refers to printf8.o(i._snputc) for _snputc
    printf8.o(i.__0vsprintf$8) refers to printf8.o(i._printf_core) for _printf_core
    printf8.o(i.__0vsprintf$8) refers to printf8.o(i._sputc) for _sputc
    printf8.o(i._printf_core) refers to printf1.o(i.__ARM_common_call_via_r2) for __ARM_common_call_via_r2
    printf8.o(i._printf_core) refers to printf8.o(i._printf_pre_padding) for _printf_pre_padding
    printf8.o(i._printf_core) refers to printf8.o(i._printf_post_padding) for _printf_post_padding
    printf8.o(i._printf_core) refers to uldiv.o(.text) for __aeabi_uldivmod
    printf8.o(i._printf_post_padding) refers to printfb.o(i.__ARM_common_call_via_r6) for __ARM_common_call_via_r6
    printf8.o(i._printf_pre_padding) refers to printfb.o(i.__ARM_common_call_via_r6) for __ARM_common_call_via_r6
    printfa.o(i.__0fprintf) refers (Special) to iusefp.o(.text) for __I$use$fp
    printfa.o(i.__0fprintf) refers to printfa.o(i._printf_core) for _printf_core
    printfa.o(i.__0fprintf) refers to fputc.o(i.fputc) for fputc
    printfa.o(i.__0printf) refers (Special) to iusefp.o(.text) for __I$use$fp
    printfa.o(i.__0printf) refers to printfa.o(i._printf_core) for _printf_core
    printfa.o(i.__0printf) refers to fputc.o(i.fputc) for fputc
    printfa.o(i.__0printf) refers to stdout.o(.data) for __stdout
    printfa.o(i.__0snprintf) refers (Special) to iusefp.o(.text) for __I$use$fp
    printfa.o(i.__0snprintf) refers to printfa.o(i._printf_core) for _printf_core
    printfa.o(i.__0snprintf) refers to printfa.o(i._snputc) for _snputc
    printfa.o(i.__0sprintf) refers (Special) to iusefp.o(.text) for __I$use$fp
    printfa.o(i.__0sprintf) refers to printfa.o(i._printf_core) for _printf_core
    printfa.o(i.__0sprintf) refers to printfa.o(i._sputc) for _sputc
    printfa.o(i.__0vfprintf) refers (Special) to iusefp.o(.text) for __I$use$fp
    printfa.o(i.__0vfprintf) refers to printfa.o(i._printf_core) for _printf_core
    printfa.o(i.__0vfprintf) refers to fputc.o(i.fputc) for fputc
    printfa.o(i.__0vprintf) refers (Special) to iusefp.o(.text) for __I$use$fp
    printfa.o(i.__0vprintf) refers to printfa.o(i._printf_core) for _printf_core
    printfa.o(i.__0vprintf) refers to fputc.o(i.fputc) for fputc
    printfa.o(i.__0vprintf) refers to stdout.o(.data) for __stdout
    printfa.o(i.__0vsnprintf) refers (Special) to iusefp.o(.text) for __I$use$fp
    printfa.o(i.__0vsnprintf) refers to printfa.o(i._printf_core) for _printf_core
    printfa.o(i.__0vsnprintf) refers to printfa.o(i._snputc) for _snputc
    printfa.o(i.__0vsprintf) refers (Special) to iusefp.o(.text) for __I$use$fp
    printfa.o(i.__0vsprintf) refers to printfa.o(i._printf_core) for _printf_core
    printfa.o(i.__0vsprintf) refers to printfa.o(i._sputc) for _sputc
    printfa.o(i._fp_digits) refers (Special) to iusefp.o(.text) for __I$use$fp
    printfa.o(i._fp_digits) refers to dmul.o(.text) for __aeabi_dmul
    printfa.o(i._fp_digits) refers to ddiv.o(.text) for __aeabi_ddiv
    printfa.o(i._fp_digits) refers to cdrcmple.o(.text) for __aeabi_cdrcmple
    printfa.o(i._fp_digits) refers to dadd.o(.text) for __aeabi_dadd
    printfa.o(i._fp_digits) refers to dfixul.o(.text) for __aeabi_d2ulz
    printfa.o(i._fp_digits) refers to uldiv.o(.text) for __aeabi_uldivmod
    printfa.o(i._printf_core) refers (Special) to iusefp.o(.text) for __I$use$fp
    printfa.o(i._printf_core) refers to printf1.o(i.__ARM_common_call_via_r2) for __ARM_common_call_via_r2
    printfa.o(i._printf_core) refers to printfa.o(i._printf_pre_padding) for _printf_pre_padding
    printfa.o(i._printf_core) refers to uldiv.o(.text) for __aeabi_uldivmod
    printfa.o(i._printf_core) refers to printfa.o(i._printf_post_padding) for _printf_post_padding
    printfa.o(i._printf_core) refers to printfa.o(i._fp_digits) for _fp_digits
    printfa.o(i._printf_core) refers to uidiv.o(.text) for __aeabi_uidivmod
    printfa.o(i._printf_post_padding) refers (Special) to iusefp.o(.text) for __I$use$fp
    printfa.o(i._printf_post_padding) refers to printfb.o(i.__ARM_common_call_via_r6) for __ARM_common_call_via_r6
    printfa.o(i._printf_pre_padding) refers (Special) to iusefp.o(.text) for __I$use$fp
    printfa.o(i._printf_pre_padding) refers to printfb.o(i.__ARM_common_call_via_r6) for __ARM_common_call_via_r6
    printfa.o(i._snputc) refers (Special) to iusefp.o(.text) for __I$use$fp
    printfa.o(i._sputc) refers (Special) to iusefp.o(.text) for __I$use$fp
    entry2.o(.ARM.Collect$$$$00000001) refers to entry2.o(.ARM.Collect$$$$00002712) for __lit__00000000
    entry2.o(.ARM.Collect$$$$00002712) refers to lpc2300.o(STACK) for __initial_sp
    entry5.o(.ARM.Collect$$$$00000004) refers to init.o(.text) for __scatterload
    entry9a.o(.ARM.Collect$$$$0000000B) refers to main.o(.text) for main
    entry9b.o(.ARM.Collect$$$$0000000C) refers to main.o(.text) for main
    fputc.o(i.fputc) refers (Special) to iusesemip.o(.text) for __I$use$semihosting$fputc
    fputc.o(i.fputc) refers (Special) to semi.o(.text) for __semihosting_library_function
    uldiv.o(.text) refers to llushr.o(.text) for __aeabi_llsr
    uldiv.o(.text) refers to llshl.o(.text) for __aeabi_llsl
    dadd.o(.text) refers to llshl.o(.text) for __aeabi_llsl
    dadd.o(.text) refers to llsshr.o(.text) for __aeabi_lasr
    dadd.o(.text) refers to depilogue.o(.text) for _double_epilogue
    dmul.o(.text) refers to depilogue.o(.text) for _double_epilogue
    ddiv.o(.text) refers to depilogue.o(.text) for _double_round
    dfixul.o(.text) refers to llushr.o(.text) for __aeabi_llsr
    dfixul.o(.text) refers to llshl.o(.text) for __aeabi_llsl
    init.o(.text) refers to init.o(i.__ARM_common_call_via_r3) for __ARM_common_call_via_r3
    init.o(.text) refers to entry5.o(.ARM.Collect$$$$00000004) for __main_after_scatterload
    depilogue.o(.text) refers to depilogue.o(i.__ARM_clz) for __ARM_clz
    depilogue.o(.text) refers to llshl.o(.text) for __aeabi_llsl
    depilogue.o(.text) refers to llushr.o(.text) for __aeabi_llsr


==============================================================================

Removing Unused input sections from the image.

    Removing main.o(.data), (1 bytes).
    Removing main.o(.data), (4 bytes).
    Removing main.o(.data), (4 bytes).
    Removing main.o(.data), (4 bytes).
    Removing retarget.o(.text), (4 bytes).
    Removing fio.o(.text), (100 bytes).
    Removing lpc2300.o(HEAP), (0 bytes).
    Removing dadd.o(.text), (360 bytes).
    Removing dmul.o(.text), (212 bytes).
    Removing ddiv.o(.text), (244 bytes).
    Removing dfixul.o(.text), (68 bytes).
    Removing cdrcmple.o(.text), (40 bytes).
    Removing depilogue.o(.text), (196 bytes).
    Removing depilogue.o(i.__ARM_clz), (46 bytes).

14 unused section(s) (total 1283 bytes) removed from the image.

==============================================================================

Adding Veneers to the image

    Adding AT veneer (8 bytes, Inline) for call to '__scatterload' from entry5.o(.ARM.Collect$$$$00000004).
    Adding TA veneer (8 bytes, Short) for call to '__main_after_scatterload' from init.o(.text).
    Adding TA veneer (4 bytes, Inline) for call to '__ARM_common_switch8' from main.o(.text).

3 Veneer(s) (total 20 bytes) added to the image.

==============================================================================

Image Symbol Table

    Local Symbols

    Symbol Name                              Value     Ov Type        Size  Object(Section)

    RESET                                    0x00000000   Section      556  lpc2300.o(RESET)
    ../clib/microlib/division.c              0x00000000   Number         0  uldiv.o ABSOLUTE
    ../clib/microlib/division.c              0x00000000   Number         0  uidiv.o ABSOLUTE
    ../clib/microlib/init/entry.s            0x00000000   Number         0  entry5.o ABSOLUTE
    ../clib/microlib/init/entry.s            0x00000000   Number         0  entry7a.o ABSOLUTE
    ../clib/microlib/init/entry.s            0x00000000   Number         0  entry11b.o ABSOLUTE
    ../clib/microlib/init/entry.s            0x00000000   Number         0  entry11a.o ABSOLUTE
    ../clib/microlib/init/entry.s            0x00000000   Number         0  entry10b.o ABSOLUTE
    ../clib/microlib/init/entry.s            0x00000000   Number         0  entry10a.o ABSOLUTE
    ../clib/microlib/init/entry.s            0x00000000   Number         0  entry8a.o ABSOLUTE
    ../clib/microlib/init/entry.s            0x00000000   Number         0  entry9b.o ABSOLUTE
    ../clib/microlib/init/entry.s            0x00000000   Number         0  entry9a.o ABSOLUTE
    ../clib/microlib/init/entry.s            0x00000000   Number         0  entry8b.o ABSOLUTE
    ../clib/microlib/init/entry.s            0x00000000   Number         0  entry7b.o ABSOLUTE
    ../clib/microlib/init/entry.s            0x00000000   Number         0  entry.o ABSOLUTE
    ../clib/microlib/init/entry.s            0x00000000   Number         0  entry2.o ABSOLUTE
    ../clib/microlib/longlong.c              0x00000000   Number         0  llsshr.o ABSOLUTE
    ../clib/microlib/longlong.c              0x00000000   Number         0  llushr.o ABSOLUTE
    ../clib/microlib/longlong.c              0x00000000   Number         0  llshl.o ABSOLUTE
    ../clib/microlib/printf/printf.c         0x00000000   Number         0  printf2.o ABSOLUTE
    ../clib/microlib/printf/printf.c         0x00000000   Number         0  printfa.o ABSOLUTE
    ../clib/microlib/printf/printf.c         0x00000000   Number         0  printf8.o ABSOLUTE
    ../clib/microlib/printf/printf.c         0x00000000   Number         0  printfb.o ABSOLUTE
    ../clib/microlib/printf/printf.c         0x00000000   Number         0  printf1.o ABSOLUTE
    ../clib/microlib/printf/printf.c         0x00000000   Number         0  printf0.o ABSOLUTE
    ../clib/microlib/printf/printf.c         0x00000000   Number         0  printf7.o ABSOLUTE
    ../clib/microlib/printf/printf.c         0x00000000   Number         0  printf6.o ABSOLUTE
    ../clib/microlib/printf/printf.c         0x00000000   Number         0  printf5.o ABSOLUTE
    ../clib/microlib/printf/printf.c         0x00000000   Number         0  printf4.o ABSOLUTE
    ../clib/microlib/printf/printf.c         0x00000000   Number         0  printf3.o ABSOLUTE
    ../clib/microlib/printf/stubs.s          0x00000000   Number         0  stubs.o ABSOLUTE
    ../clib/microlib/stdio/fputc.c           0x00000000   Number         0  fputc.o ABSOLUTE
    ../clib/microlib/stdio/semi.s            0x00000000   Number         0  semi.o ABSOLUTE
    ../clib/microlib/stdio/streams.c         0x00000000   Number         0  stdout.o ABSOLUTE
    ../clib/microlib/string/memcmp.c         0x00000000   Number         0  memcmp.o ABSOLUTE
    ../clib/microlib/string/memcpy.c         0x00000000   Number         0  memcpyb.o ABSOLUTE
    ../clib/microlib/string/memcpy.c         0x00000000   Number         0  memcpya.o ABSOLUTE
    ../clib/microlib/string/memset.c         0x00000000   Number         0  memseta.o ABSOLUTE
    ../clib/microlib/stubs.s                 0x00000000   Number         0  iusesemip.o ABSOLUTE
    ../clib/microlib/stubs.s                 0x00000000   Number         0  iusefp.o ABSOLUTE
    ../clib/microlib/stubs.s                 0x00000000   Number         0  useno.o ABSOLUTE
    ../fplib/microlib/fpadd.c                0x00000000   Number         0  dadd.o ABSOLUTE
    ../fplib/microlib/fpdiv.c                0x00000000   Number         0  ddiv.o ABSOLUTE
    ../fplib/microlib/fpepilogue.c           0x00000000   Number         0  depilogue.o ABSOLUTE
    ../fplib/microlib/fpfix.c                0x00000000   Number         0  dfixul.o ABSOLUTE
    ../fplib/microlib/fpmul.c                0x00000000   Number         0  dmul.o ABSOLUTE
    EMAC.c                                   0x00000000   Number         0  emac.o ABSOLUTE
    LPC2300.s                                0x00000000   Number         0  lpc2300.o ABSOLUTE
    Pico.c                                   0x00000000   Number         0  pico.o ABSOLUTE
    Retarget.c                               0x00000000   Number         0  retarget.o ABSOLUTE
    cdrcmple.s                               0x00000000   Number         0  cdrcmple.o ABSOLUTE
    dc.s                                     0x00000000   Number         0  dc.o ABSOLUTE
    fio.c                                    0x00000000   Number         0  fio.o ABSOLUTE
    handlers.s                               0x00000000   Number         0  handlers.o ABSOLUTE
    init.s                                   0x00000000   Number         0  init.o ABSOLUTE
    main.c                                   0x00000000   Number         0  main.o ABSOLUTE
    tcpip.c                                  0x00000000   Number         0  tcpip.o ABSOLUTE
    Undef_Handler                            0x00000040   ARM Code       4  lpc2300.o(RESET)
    SWI_Handler                              0x00000044   ARM Code       4  lpc2300.o(RESET)
    PAbt_Handler                             0x00000048   ARM Code       4  lpc2300.o(RESET)
    DAbt_Handler                             0x0000004c   ARM Code       4  lpc2300.o(RESET)
    IRQ_Handler                              0x00000050   ARM Code       4  lpc2300.o(RESET)
    FIQ_Handler                              0x00000054   ARM Code       4  lpc2300.o(RESET)
    .ARM.Collect$$$$00000000                 0x0000022c   Section        0  entry.o(.ARM.Collect$$$$00000000)
    .ARM.Collect$$$$00000001                 0x0000022c   Section        4  entry2.o(.ARM.Collect$$$$00000001)
    .ARM.Collect$$$$00000004                 0x00000230   Section        4  entry5.o(.ARM.Collect$$$$00000004)
    .ARM.Collect$$$$00000008                 0x00000234   Section        0  entry7b.o(.ARM.Collect$$$$00000008)
    .ARM.Collect$$$$0000000A                 0x00000234   Section        0  entry8b.o(.ARM.Collect$$$$0000000A)
    .ARM.Collect$$$$0000000B                 0x00000234   Section       12  entry9a.o(.ARM.Collect$$$$0000000B)
    .ARM.Collect$$$$0000000D                 0x00000240   Section        0  entry10a.o(.ARM.Collect$$$$0000000D)
    .ARM.Collect$$$$0000000F                 0x00000240   Section        0  entry11a.o(.ARM.Collect$$$$0000000F)
    .ARM.Collect$$$$00002712                 0x00000240   Section        4  entry2.o(.ARM.Collect$$$$00002712)
    __lit__00000000                          0x00000240   Data           4  entry2.o(.ARM.Collect$$$$00002712)
    .text                                    0x00000244   Section        0  main.o(.text)
    .text                                    0x000006a8   Section        0  emac.o(.text)
    .text                                    0x0000098c   Section        0  tcpip.o(.text)
    .text                                    0x000009d8   Section        0  tcpip.o(.text)
    .text                                    0x00001764   Section        0  uidiv.o(.text)
    .text                                    0x00001792   Section        0  memcpya.o(.text)
    .text                                    0x000017b6   Section        0  memseta.o(.text)
    .text                                    0x000017e0   Section        0  memcmp.o(.text)
    .text                                    0x00001804   Section       32  init.o(.text)
    i.__0sprintf$6                           0x0000182c   Section        0  printf6.o(i.__0sprintf$6)
    i.__ARM_common_call_via_r2               0x00001854   Section        0  printf1.o(i.__ARM_common_call_via_r2)
    i.__ARM_common_call_via_r3               0x00001856   Section        2  init.o(i.__ARM_common_call_via_r3)
    i.__ARM_common_call_via_r6               0x00001858   Section        0  printfb.o(i.__ARM_common_call_via_r6)
    i.__ARM_common_switch8                   0x00001860   Section        0  main.o(i.__ARM_common_switch8)
    i.__scatterload_copy                     0x00001878   Section       28  handlers.o(i.__scatterload_copy)
    i.__scatterload_null                     0x00001894   Section        4  handlers.o(i.__scatterload_null)
    i.__scatterload_zeroinit                 0x00001898   Section       24  handlers.o(i.__scatterload_zeroinit)
    i._printf_core                           0x000018b0   Section        0  printf6.o(i._printf_core)
    _printf_core                             0x000018b1   Thumb Code   792  printf6.o(i._printf_core)
    i._printf_post_padding                   0x00001bcc   Section        0  printf6.o(i._printf_post_padding)
    _printf_post_padding                     0x00001bcd   Thumb Code    38  printf6.o(i._printf_post_padding)
    i._printf_pre_padding                    0x00001bf2   Section        0  printf6.o(i._printf_pre_padding)
    _printf_pre_padding                      0x00001bf3   Thumb Code    50  printf6.o(i._printf_pre_padding)
    i._sputc                                 0x00001c24   Section        0  printf6.o(i._sputc)
    _sputc                                   0x00001c25   Thumb Code    10  printf6.o(i._sputc)
    .constdata                               0x00001c2e   Section      957  main.o(.constdata)
    .constdata                               0x00001fec   Section        4  main.o(.constdata)
    .constdata                               0x00001ff0   Section        4  main.o(.constdata)
    .constdata                               0x00001ff4   Section        4  main.o(.constdata)
    .constdata                               0x00001ff8   Section        6  tcpip.o(.constdata)
    .data                                    0x40000000   Section        4  main.o(.data)
    .data                                    0x40000004   Section       40  main.o(.data)
    .data                                    0x4000002c   Section        1  main.o(.data)
    .data                                    0x4000002d   Section        1  main.o(.data)
    .data                                    0x4000002e   Section        2  main.o(.data)
    .data                                    0x40000030   Section        4  main.o(.data)
    .data                                    0x40000034   Section        4  main.o(.data)
    .data                                    0x40000038   Section        4  main.o(.data)
    .data                                    0x4000003c   Section        1  main.o(.data)
    .data                                    0x4000003d   Section        1  main.o(.data)
    .data                                    0x4000003e   Section        2  main.o(.data)
    .data                                    0x40000040   Section        6  main.o(.data)
    .data                                    0x40000046   Section        4  main.o(.data)
    .data                                    0x4000004a   Section        2  main.o(.data)
    .data                                    0x4000004c   Section        2  main.o(.data)
    .data                                    0x4000004e   Section        1  main.o(.data)
    .data                                    0x4000004f   Section        1  main.o(.data)
    .data                                    0x40000050   Section        1  main.o(.data)
    .data                                    0x40000052   Section        6  main.o(.data)
    .data                                    0x40000058   Section        8  emac.o(.data)
    rptr                                     0x40000058   Data           4  emac.o(.data)
    tptr                                     0x4000005c   Data           4  emac.o(.data)
    .bss                                     0x40000060   Section      950  main.o(.bss)
    .bss                                     0x40000416   Section       74  main.o(.bss)
    STACK                                    0x40000460   Section     1288  lpc2300.o(STACK)
    Stack_Top                                0x40000968   Data           0  lpc2300.o(STACK)

    Global Symbols

    Symbol Name                              Value     Ov Type        Size  Object(Section)

    BuildAttributes$$THM_ISAv1$ARM_ISAv4$S$PE$A:L22$X:L11$S22$IEEE1$IW$USESV6$~STKCKD$USESV7$~SHL$OSPACE$ROPI$EBA8$MICROLIB$REQ8$PRES8$EABIv2 0x00000000   Number         0  anon$$obj.o ABSOLUTE
    __ARM_use_no_argv                        0x00000000   Number         0  main.o ABSOLUTE
    __use_no_errno                           0x00000000   Number         0  useno.o ABSOLUTE
    __use_no_exception_handling              0x00000000   Number         0  useno.o ABSOLUTE
    __use_no_fp                              0x00000000   Number         0  useno.o ABSOLUTE
    __use_no_heap                            0x00000000   Number         0  useno.o ABSOLUTE
    __use_no_heap_region                     0x00000000   Number         0  useno.o ABSOLUTE
    __use_no_semihosting                     0x00000000   Number         0  useno.o ABSOLUTE
    __use_no_semihosting_swi                 0x00000000   Number         0  useno.o ABSOLUTE
    __use_no_signal_handling                 0x00000000   Number         0  useno.o ABSOLUTE
    _printf_a                                0x00000000   Number         0  stubs.o ABSOLUTE
    _printf_c                                0x00000000   Number         0  stubs.o ABSOLUTE
    _printf_charcount                        0x00000000   Number         0  stubs.o ABSOLUTE
    _printf_d                                0x00000000   Number         0  stubs.o ABSOLUTE
    _printf_e                                0x00000000   Number         0  stubs.o ABSOLUTE
    _printf_f                                0x00000000   Number         0  stubs.o ABSOLUTE
    _printf_flags                            0x00000000   Number         0  stubs.o ABSOLUTE
    _printf_fp_dec                           0x00000000   Number         0  stubs.o ABSOLUTE
    _printf_fp_hex                           0x00000000   Number         0  stubs.o ABSOLUTE
    _printf_g                                0x00000000   Number         0  stubs.o ABSOLUTE
    _printf_i                                0x00000000   Number         0  stubs.o ABSOLUTE
    _printf_int_dec                          0x00000000   Number         0  stubs.o ABSOLUTE
    _printf_l                                0x00000000   Number         0  stubs.o ABSOLUTE
    _printf_lc                               0x00000000   Number         0  stubs.o ABSOLUTE
    _printf_ll                               0x00000000   Number         0  stubs.o ABSOLUTE
    _printf_lld                              0x00000000   Number         0  stubs.o ABSOLUTE
    _printf_lli                              0x00000000   Number         0  stubs.o ABSOLUTE
    _printf_llo                              0x00000000   Number         0  stubs.o ABSOLUTE
    _printf_llu                              0x00000000   Number         0  stubs.o ABSOLUTE
    _printf_llx                              0x00000000   Number         0  stubs.o ABSOLUTE
    _printf_longlong_dec                     0x00000000   Number         0  stubs.o ABSOLUTE
    _printf_longlong_hex                     0x00000000   Number         0  stubs.o ABSOLUTE
    _printf_longlong_oct                     0x00000000   Number         0  stubs.o ABSOLUTE
    _printf_ls                               0x00000000   Number         0  stubs.o ABSOLUTE
    _printf_mbtowc                           0x00000000   Number         0  stubs.o ABSOLUTE
    _printf_n                                0x00000000   Number         0  stubs.o ABSOLUTE
    _printf_o                                0x00000000   Number         0  stubs.o ABSOLUTE
    _printf_p                                0x00000000   Number         0  stubs.o ABSOLUTE
    _printf_percent                          0x00000000   Number         0  stubs.o ABSOLUTE
    _printf_pre_padding                      0x00000000   Number         0  stubs.o ABSOLUTE
    _printf_return_value                     0x00000000   Number         0  stubs.o ABSOLUTE
    _printf_s                                0x00000000   Number         0  stubs.o ABSOLUTE
    _printf_sizespec                         0x00000000   Number         0  stubs.o ABSOLUTE
    _printf_str                              0x00000000   Number         0  stubs.o ABSOLUTE
    _printf_truncate_signed                  0x00000000   Number         0  stubs.o ABSOLUTE
    _printf_truncate_unsigned                0x00000000   Number         0  stubs.o ABSOLUTE
    _printf_u                                0x00000000   Number         0  stubs.o ABSOLUTE
    _printf_wc                               0x00000000   Number         0  stubs.o ABSOLUTE
    _printf_wctomb                           0x00000000   Number         0  stubs.o ABSOLUTE
    _printf_widthprec                        0x00000000   Number         0  stubs.o ABSOLUTE
    _printf_x                                0x00000000   Number         0  stubs.o ABSOLUTE
    __cpp_initialize__aeabi_                  - Undefined Weak Reference
    __cxa_finalize                            - Undefined Weak Reference
    __decompress                              - Undefined Weak Reference
    _clock_init                               - Undefined Weak Reference
    _microlib_exit                            - Undefined Weak Reference
    Reset_Handler                            0x00000058   ARM Code       0  lpc2300.o(RESET)
    __main                                   0x0000022c   ARM Code       0  entry.o(.ARM.Collect$$$$00000000)
    _main_stk                                0x0000022c   ARM Code       0  entry2.o(.ARM.Collect$$$$00000001)
    _main_scatterload                        0x00000230   ARM Code       0  entry5.o(.ARM.Collect$$$$00000004)
    __main_after_scatterload                 0x00000234   ARM Code       0  entry5.o(.ARM.Collect$$$$00000004)
    _main_clock                              0x00000234   ARM Code       0  entry7b.o(.ARM.Collect$$$$00000008)
    _main_cpp_init                           0x00000234   ARM Code       0  entry8b.o(.ARM.Collect$$$$0000000A)
    _main_init                               0x00000234   ARM Code       0  entry9a.o(.ARM.Collect$$$$0000000B)
    __rt_final_cpp                           0x00000240   ARM Code       0  entry10a.o(.ARM.Collect$$$$0000000D)
    __rt_final_exit                          0x00000240   ARM Code       0  entry11a.o(.ARM.Collect$$$$0000000F)
    SendEcho                                 0x00000245   Thumb Code    98  main.o(.text)
    SendFromPico                             0x000002a7   Thumb Code    86  main.o(.text)
    SendToPico                               0x000002fd   Thumb Code   194  main.o(.text)
    ProcessData                              0x000003bf   Thumb Code   128  main.o(.text)
    PicoBlazesThread                         0x0000043f   Thumb Code    90  main.o(.text)
    main                                     0x00000499   Thumb Code   126  main.o(.text)
    GetTempVal                               0x00000517   Thumb Code    34  main.o(.text)
    GetAD7Val                                0x00000539   Thumb Code    38  main.o(.text)
    InsertDynamicValues                      0x0000055f   Thumb Code    94  main.o(.text)
    HTTPServer                               0x000005bd   Thumb Code   234  main.o(.text)
    write_PHY                                0x000006a9   Thumb Code    26  emac.o(.text)
    read_PHY                                 0x000006c3   Thumb Code    38  emac.o(.text)
    rx_descr_init                            0x000006e9   Thumb Code    60  emac.o(.text)
    tx_descr_init                            0x00000725   Thumb Code    64  emac.o(.text)
    Init_EMAC                                0x00000765   Thumb Code   216  emac.o(.text)
    ReadFrame_EMAC                           0x0000083d   Thumb Code    12  emac.o(.text)
    ReadFrameBE_EMAC                         0x00000849   Thumb Code    22  emac.o(.text)
    CopyFromFrame_EMAC                       0x0000085f   Thumb Code    38  emac.o(.text)
    DummyReadFrame_EMAC                      0x00000885   Thumb Code    24  emac.o(.text)
    StartReadFrame                           0x0000089d   Thumb Code    32  emac.o(.text)
    EndReadFrame                             0x000008bd   Thumb Code    16  emac.o(.text)
    CheckFrameReceived                       0x000008cd   Thumb Code    18  emac.o(.text)
    RequestSend                              0x000008df   Thumb Code    32  emac.o(.text)
    Rdy4Tx                                   0x000008ff   Thumb Code     4  emac.o(.text)
    WriteFrame_EMAC                          0x00000903   Thumb Code    12  emac.o(.text)
    CopyToFrame_EMAC                         0x0000090f   Thumb Code    48  emac.o(.text)
    TCPClockHandler                          0x0000098c   ARM Code      64  tcpip.o(.text)
    TCPLowLevelInit                          0x000009d9   Thumb Code    56  tcpip.o(.text)
    TCPPassiveOpen                           0x00000a11   Thumb Code    26  tcpip.o(.text)
    TCPStartRetryTimer                       0x00000a2d   Thumb Code    26  tcpip.o(.text)
    PrepareARP_REQUEST                       0x00000a49   Thumb Code   148  tcpip.o(.text)
    TCPActiveOpen_obsolete                   0x00000add   Thumb Code    48  tcpip.o(.text)
    TCPActiveOpen                            0x00000b0d   Thumb Code    72  tcpip.o(.text)
    TCPClose                                 0x00000b55   Thumb Code    42  tcpip.o(.text)
    TCPReleaseRxBuffer                       0x00000b81   Thumb Code    12  tcpip.o(.text)
    TCPTransmitTxBuffer                      0x00000b8d   Thumb Code    64  tcpip.o(.text)
    IsBroadcast                              0x00000bcd   Thumb Code    64  tcpip.o(.text)
    CalcChecksum                             0x00000c0d   Thumb Code    94  tcpip.o(.text)
    WriteDWBE                                0x00000c6d   Thumb Code    16  tcpip.o(.text)
    WriteWBE                                 0x00000c7d   Thumb Code     8  tcpip.o(.text)
    PrepareTCP_FRAME                         0x00000c85   Thumb Code   254  tcpip.o(.text)
    TCPRestartTimer                          0x00000d85   Thumb Code     8  tcpip.o(.text)
    TCPStartTimeWaitTimer                    0x00000d8d   Thumb Code    22  tcpip.o(.text)
    TCPStopTimer                             0x00000da5   Thumb Code    12  tcpip.o(.text)
    ProcessTCPFrame                          0x00000db1   Thumb Code   872  tcpip.o(.text)
    PrepareICMP_ECHO_REPLY                   0x00001119   Thumb Code   168  tcpip.o(.text)
    ProcessICMPFrame                         0x000011c1   Thumb Code    24  tcpip.o(.text)
    ProcessEthIAFrame                        0x000011d9   Thumb Code   282  tcpip.o(.text)
    PrepareARP_ANSWER                        0x000012f5   Thumb Code   116  tcpip.o(.text)
    ProcessEthBroadcastFrame                 0x00001369   Thumb Code   102  tcpip.o(.text)
    ReadFrame                                0x000013d1   Thumb Code    50  tcpip.o(.text)
    SendFrame1                               0x00001405   Thumb Code    14  tcpip.o(.text)
    PrepareTCP_DATA_FRAME                    0x00001415   Thumb Code   186  tcpip.o(.text)
    SendFrame2                               0x000014d1   Thumb Code    14  tcpip.o(.text)
    TCPHandleTimeout                         0x000014e1   Thumb Code    32  tcpip.o(.text)
    TCPHandleRetransmission                  0x00001501   Thumb Code    54  tcpip.o(.text)
    DoNetworkStuff                           0x00001539   Thumb Code   540  tcpip.o(.text)
    SwapBytes                                0x00001755   Thumb Code    12  tcpip.o(.text)
    __aeabi_uidiv                            0x00001765   Thumb Code     0  uidiv.o(.text)
    __aeabi_uidivmod                         0x00001765   Thumb Code    46  uidiv.o(.text)
    __aeabi_memcpy                           0x00001793   Thumb Code    36  memcpya.o(.text)
    __aeabi_memcpy4                          0x00001793   Thumb Code     0  memcpya.o(.text)
    __aeabi_memcpy8                          0x00001793   Thumb Code     0  memcpya.o(.text)
    __aeabi_memset                           0x000017b7   Thumb Code    16  memseta.o(.text)
    __aeabi_memset4                          0x000017b7   Thumb Code     0  memseta.o(.text)
    __aeabi_memset8                          0x000017b7   Thumb Code     0  memseta.o(.text)
    __aeabi_memclr                           0x000017c7   Thumb Code     4  memseta.o(.text)
    __aeabi_memclr4                          0x000017c7   Thumb Code     0  memseta.o(.text)
    __aeabi_memclr8                          0x000017c7   Thumb Code     0  memseta.o(.text)
    _memset$wrapper                          0x000017cb   Thumb Code    22  memseta.o(.text)
    memcmp                                   0x000017e1   Thumb Code    28  memcmp.o(.text)
    Inline ARM to Thumb Veneer to __scatterload 0x000017fc   ARM Code       8  init.o(.text)
    __scatterload                            0x00001805   Thumb Code    24  init.o(.text)
    __scatterload_rt2                        0x00001805   Thumb Code     0  init.o(.text)
    Short Thumb to ARM Veneer to __main_after_scatterload 0x00001825   Thumb Code     8  anon$$obj.o(Veneer$$Code)
    __0sprintf$6                             0x0000182d   Thumb Code    36  printf6.o(i.__0sprintf$6)
    __1sprintf$6                             0x0000182d   Thumb Code     0  printf6.o(i.__0sprintf$6)
    __2sprintf                               0x0000182d   Thumb Code     0  printf6.o(i.__0sprintf$6)
    __ARM_common_call_via_r2                 0x00001855   Thumb Code     2  printf1.o(i.__ARM_common_call_via_r2)
    __ARM_common_call_via_r3                 0x00001857   Thumb Code     2  init.o(i.__ARM_common_call_via_r3)
    __ARM_common_call_via_r6                 0x00001859   Thumb Code     2  printfb.o(i.__ARM_common_call_via_r6)
    Inline Thumb to ARM Veneer to __ARM_common_switch8 0x0000185d   Thumb Code     4  main.o(i.__ARM_common_switch8)
    __ARM_common_switch8                     0x00001860   ARM Code      24  main.o(i.__ARM_common_switch8)
    __scatterload_copy                       0x00001878   ARM Code      28  handlers.o(i.__scatterload_copy)
    __scatterload_null                       0x00001894   ARM Code       4  handlers.o(i.__scatterload_null)
    __scatterload_zeroinit                   0x00001898   ARM Code      24  handlers.o(i.__scatterload_zeroinit)
    GetResponse                              0x00001c2e   Data          45  main.o(.constdata)
    WebSide                                  0x00001c5b   Data         912  main.o(.constdata)
    MyIP                                     0x00001fec   Data           4  main.o(.constdata)
    SubnetMask                               0x00001ff0   Data           4  main.o(.constdata)
    GatewayIP                                0x00001ff4   Data           4  main.o(.constdata)
    MyMAC                                    0x00001ff8   Data           6  tcpip.o(.constdata)
    Region$$Table$$Base                      0x00002000   Number         0  anon$$obj.o(Region$$Table)
    Region$$Table$$Limit                     0x00002020   Number         0  anon$$obj.o(Region$$Table)
    RemoteIP                                 0x40000000   Data           4  main.o(.data)
    HTTPStatus                               0x40000004   Data           1  main.o(.data)
    SocketStatus                             0x40000005   Data           1  main.o(.data)
    PicoData                                 0x40000006   Data           1  main.o(.data)
    TCPRxDataCount                           0x40000008   Data           2  main.o(.data)
    TCPTxDataCount                           0x4000000a   Data           2  main.o(.data)
    TCPLocalPort                             0x4000000c   Data           2  main.o(.data)
    TCPRemotePort                            0x4000000e   Data           2  main.o(.data)
    PicoSendViaTCPReady                      0x40000010   Data           2  main.o(.data)
    PWebSide                                 0x40000014   Data           4  main.o(.data)
    HTTPBytesToSend                          0x40000018   Data           4  main.o(.data)
    PicoLCDReceiveDataCounter                0x4000001c   Data           4  main.o(.data)
    streamsSet                               0x40000020   Data           4  main.o(.data)
    tempCount                                0x40000024   Data           4  main.o(.data)
    ARPWhoHasSend                            0x40000028   Data           4  main.o(.data)
    TCPStateMachine                          0x4000002c   Data           1  main.o(.data)
    LastFrameSent                            0x4000002d   Data           1  main.o(.data)
    ISNGenHigh                               0x4000002e   Data           2  main.o(.data)
    TCPSeqNr                                 0x40000030   Data           4  main.o(.data)
    TCPUNASeqNr                              0x40000034   Data           4  main.o(.data)
    TCPAckNr                                 0x40000038   Data           4  main.o(.data)
    TCPTimer                                 0x4000003c   Data           1  main.o(.data)
    RetryCounter                             0x4000003d   Data           1  main.o(.data)
    RecdFrameLength                          0x4000003e   Data           2  main.o(.data)
    RecdFrameMAC                             0x40000040   Data           6  main.o(.data)
    RecdFrameIP                              0x40000046   Data           4  main.o(.data)
    RecdIPFrameLength                        0x4000004a   Data           2  main.o(.data)
    TxFrame1Size                             0x4000004c   Data           2  main.o(.data)
    TxFrame2Size                             0x4000004e   Data           1  main.o(.data)
    TransmitControl                          0x4000004f   Data           1  main.o(.data)
    TCPFlags                                 0x40000050   Data           1  main.o(.data)
    RemoteMAC                                0x40000052   Data           6  main.o(.data)
    _TxFrame1                                0x40000060   Data         566  main.o(.bss)
    _RxTCPBuffer                             0x40000296   Data         256  main.o(.bss)
    PicoDataBuffer                           0x40000396   Data          64  main.o(.bss)
    TempRxTCPBuffer                          0x400003d6   Data          64  main.o(.bss)
    _TxFrame2                                0x40000416   Data          74  main.o(.bss)
    __initial_sp                             0x40000860   Data         264  lpc2300.o(STACK)



==============================================================================

Memory Map of the image

  Image Entry point : 0x0000022c

  Load Region LR_IROM1 (Base: 0x00000000, Size: 0x00002080, Max: 0x00080000, ABSOLUTE)

    Execution Region ER_IROM1 (Base: 0x00000000, Size: 0x00002020, Max: 0x00080000, ABSOLUTE)

    Base Addr    Size         Type   Attr      Idx    E Section Name        Object

    0x00000000   0x0000022c   Code   RO          188    RESET               lpc2300.o
    0x0000022c   0x00000000   Code   RO          192  * .ARM.Collect$$$$00000000  mc_t.l(entry.o)
    0x0000022c   0x00000004   Code   RO          470    .ARM.Collect$$$$00000001  mc_t.l(entry2.o)
    0x00000230   0x00000004   Code   RO          472    .ARM.Collect$$$$00000004  mc_t.l(entry5.o)
    0x00000234   0x00000000   Code   RO          474    .ARM.Collect$$$$00000008  mc_t.l(entry7b.o)
    0x00000234   0x00000000   Code   RO          476    .ARM.Collect$$$$0000000A  mc_t.l(entry8b.o)
    0x00000234   0x0000000c   Code   RO          477    .ARM.Collect$$$$0000000B  mc_t.l(entry9a.o)
    0x00000240   0x00000000   Code   RO          479    .ARM.Collect$$$$0000000D  mc_t.l(entry10a.o)
    0x00000240   0x00000000   Code   RO          481    .ARM.Collect$$$$0000000F  mc_t.l(entry11a.o)
    0x00000240   0x00000004   Code   RO          471    .ARM.Collect$$$$00002712  mc_t.l(entry2.o)
    0x00000244   0x00000462   Code   RO           13    .text               main.o
    0x000006a6   0x00000002   PAD
    0x000006a8   0x000002e4   Code   RO           96    .text               emac.o
    0x0000098c   0x0000004c   Code   RO          136    .text               tcpip.o
    0x000009d8   0x00000d8c   Code   RO          137    .text               tcpip.o
    0x00001764   0x0000002e   Code   RO          195    .text               mc_t.l(uidiv.o)
    0x00001792   0x00000024   Code   RO          197    .text               mc_t.l(memcpya.o)
    0x000017b6   0x0000002a   Code   RO          199    .text               mc_t.l(memseta.o)
    0x000017e0   0x0000001c   Code   RO          201    .text               mc_t.l(memcmp.o)
    0x000017fc   0x00000008   Ven    RO          499    .text               mc_t.l(init.o)
    0x00001804   0x00000020   Code   RO          499    .text               mc_t.l(init.o)
    0x00001824   0x00000008   Ven    RO          525    Veneer$$Code        anon$$obj.o
    0x0000182c   0x00000028   Code   RO          366    i.__0sprintf$6      mc_t.l(printf6.o)
    0x00001854   0x00000002   Code   RO          273    i.__ARM_common_call_via_r2  mc_t.l(printf1.o)
    0x00001856   0x00000002   Code   RO          501    i.__ARM_common_call_via_r3  mc_t.l(init.o)
    0x00001858   0x00000002   Code   RO          227    i.__ARM_common_call_via_r6  mc_t.l(printfb.o)
    0x0000185a   0x00000002   PAD
    0x0000185c   0x00000004   Ven    RO           53    i.__ARM_common_switch8  main.o
    0x00001860   0x00000018   Code   RO           53    i.__ARM_common_switch8  main.o
    0x00001878   0x0000001c   Code   RO          517    i.__scatterload_copy  mc_t.l(handlers.o)
    0x00001894   0x00000004   Code   RO          518    i.__scatterload_null  mc_t.l(handlers.o)
    0x00001898   0x00000018   Code   RO          519    i.__scatterload_zeroinit  mc_t.l(handlers.o)
    0x000018b0   0x0000031c   Code   RO          371    i._printf_core      mc_t.l(printf6.o)
    0x00001bcc   0x00000026   Code   RO          372    i._printf_post_padding  mc_t.l(printf6.o)
    0x00001bf2   0x00000032   Code   RO          373    i._printf_pre_padding  mc_t.l(printf6.o)
    0x00001c24   0x0000000a   Code   RO          375    i._sputc            mc_t.l(printf6.o)
    0x00001c2e   0x000003bd   Data   RO           16    .constdata          main.o
    0x00001feb   0x00000001   PAD
    0x00001fec   0x00000004   Data   RO           17    .constdata          main.o
    0x00001ff0   0x00000004   Data   RO           18    .constdata          main.o
    0x00001ff4   0x00000004   Data   RO           19    .constdata          main.o
    0x00001ff8   0x00000006   Data   RO          138    .constdata          tcpip.o
    0x00001ffe   0x00000002   PAD
    0x00002000   0x00000020   Data   RO          515    Region$$Table       anon$$obj.o


    Execution Region RW_IRAM1 (Base: 0x40000000, Size: 0x00000968, Max: 0x00008000, ABSOLUTE)

    Base Addr    Size         Type   Attr      Idx    E Section Name        Object

    0x40000000   0x00000004   Data   RW           20    .data               main.o
    0x40000004   0x00000028   Data   RW           21    .data               main.o
    0x4000002c   0x00000001   Data   RW           22    .data               main.o
    0x4000002d   0x00000001   Data   RW           23    .data               main.o
    0x4000002e   0x00000002   Data   RW           24    .data               main.o
    0x40000030   0x00000004   Data   RW           25    .data               main.o
    0x40000034   0x00000004   Data   RW           26    .data               main.o
    0x40000038   0x00000004   Data   RW           27    .data               main.o
    0x4000003c   0x00000001   Data   RW           28    .data               main.o
    0x4000003d   0x00000001   Data   RW           29    .data               main.o
    0x4000003e   0x00000002   Data   RW           30    .data               main.o
    0x40000040   0x00000006   Data   RW           31    .data               main.o
    0x40000046   0x00000004   Data   RW           32    .data               main.o
    0x4000004a   0x00000002   Data   RW           33    .data               main.o
    0x4000004c   0x00000002   Data   RW           34    .data               main.o
    0x4000004e   0x00000001   Data   RW           35    .data               main.o
    0x4000004f   0x00000001   Data   RW           36    .data               main.o
    0x40000050   0x00000001   Data   RW           37    .data               main.o
    0x40000051   0x00000001   PAD
    0x40000052   0x00000006   Data   RW           38    .data               main.o
    0x40000058   0x00000008   Data   RW           97    .data               emac.o
    0x40000060   0x000003b6   Zero   RW           14    .bss                main.o
    0x40000416   0x0000004a   Zero   RW           15    .bss                main.o
    0x40000460   0x00000508   Zero   RW          186    STACK               lpc2300.o


==============================================================================

Image component sizes


      Code (inc. data)   RO Data    RW Data    ZI Data      Debug   Object Name

       740         78          0          8          0       4171   emac.o
       556         80          0          0       1288        372   lpc2300.o
      1146         74        969         87       1024      10227   main.o
         0          0          0          0          0       1444   pico.o
      3544        410          6          0          0       8993   tcpip.o

    ----------------------------------------------------------------------
      6000        642       1010         96       2312      25207   Object Totals
        12          0         32          0          0          0   (incl. Generated)
         2          0          3          1          0          0   (incl. Padding)

    ----------------------------------------------------------------------

      Code (inc. data)   RO Data    RW Data    ZI Data      Debug   Library Member Name

         0          0          0          0          0          0   entry.o
         0          0          0          0          0          0   entry10a.o
         0          0          0          0          0          0   entry11a.o
         8          4          0          0          0          0   entry2.o
         4          0          0          0          0          0   entry5.o
         0          0          0          0          0          0   entry7b.o
         0          0          0          0          0          0   entry8b.o
        12          4          0          0          0          0   entry9a.o
        56          0          0          0          0          0   handlers.o
        42          8          0          0          0        136   init.o
        28          0          0          0          0         72   memcmp.o
        36          0          0          0          0         60   memcpya.o
        42          0          0          0          0        112   memseta.o
         2          0          0          0          0         60   printf1.o
       934          8          0          0          0        420   printf6.o
         2          0          0          0          0         60   printfb.o
        46          0          0          0          0         72   uidiv.o

    ----------------------------------------------------------------------
      1214         24          0          0          0        992   Library Totals
         2          0          0          0          0          0   (incl. Padding)

    ----------------------------------------------------------------------

      Code (inc. data)   RO Data    RW Data    ZI Data      Debug   Library Name

      1212         24          0          0          0        992   mc_t.l

    ----------------------------------------------------------------------
      1214         24          0          0          0        992   Library Totals

    ----------------------------------------------------------------------

==============================================================================


      Code (inc. data)   RO Data    RW Data    ZI Data      Debug   

      7214        666       1010         96       2312      25647   Grand Totals
      7214        666       1010         96       2312      25647   ELF Image Totals
      7214        666       1010         96          0          0   ROM Totals

==============================================================================

    Total RO  Size (Code + RO Data)                 8224 (   8.03kB)
    Total RW  Size (RW Data + ZI Data)              2408 (   2.35kB)
    Total ROM Size (Code + RO Data + RW Data)       8320 (   8.13kB)

==============================================================================

